
> react-typescript-starter@0.1.0 test
> react-scripts test --coverage

Browserslist: caniuse-lite is outdated. Please run:
  npx browserslist@latest --update-db
  Why you should do it regularly: https://github.com/browserslist/browserslist#browsers-data-updating
PASS src/nested.test.ts
PASS src/arrays.test.ts
PASS src/objects.test.ts
PASS src/components/StartAttempt.test.tsx
PASS src/components/TwoDice.test.tsx
PASS src/bad-components/ChooseTeam.test.tsx
PASS src/bad-components/DoubleHalf.test.tsx
PASS src/functions.test.ts
PASS src/components/ChangeType.test.tsx
PASS src/components/CycleHoliday.test.tsx
PASS src/components/Counter.test.tsx
PASS src/components/RevealAnswer.test.tsx
PASS src/bad-components/ColoredBox.test.tsx
PASS src/bad-components/ShoveBox.test.tsx
PASS src/App.test.tsx
----------------------|---------|----------|---------|---------|-------------------
File                  | % Stmts | % Branch | % Funcs | % Lines | Uncovered Line #s 
----------------------|---------|----------|---------|---------|-------------------
All files             |   98.58 |    97.26 |     100 |    98.5 |                   
 src                  |     100 |    98.18 |     100 |     100 |                   
  App.tsx             |     100 |      100 |     100 |     100 |                   
  arrays.ts           |     100 |      100 |     100 |     100 |                   
  functions.ts        |     100 |      100 |     100 |     100 |                   
  nested.ts           |     100 |    95.65 |     100 |     100 | 372               
  objects.ts          |     100 |      100 |     100 |     100 |                   
 src/bad-components   |   96.55 |       50 |     100 |   96.15 |                   
  ChooseTeam.tsx      |     100 |       50 |     100 |     100 | 19                
  ColoredBox.tsx      |     100 |      100 |     100 |     100 |                   
  DoubleHalf.tsx      |     100 |      100 |     100 |     100 |                   
  DoubleHalfState.tsx |       0 |      100 |     100 |       0 | 3                 
  ShoveBox.tsx        |     100 |      100 |     100 |     100 |                   
 src/components       |   91.66 |      100 |     100 |   91.66 |                   
  ChangeType.tsx      |     100 |      100 |     100 |     100 |                   
  Counter.tsx         |     100 |      100 |     100 |     100 |                   
  CycleHoliday.tsx    |     100 |      100 |     100 |     100 |                   
  RevealAnswer.tsx    |      75 |      100 |     100 |      75 | 20                
  StartAttempt.tsx    |   88.88 |      100 |     100 |   88.88 | 42                
  TwoDice.tsx         |   85.71 |      100 |     100 |   85.71 | 45                
 src/interfaces       |       0 |        0 |       0 |       0 |                   
  answer.ts           |       0 |        0 |       0 |       0 |                   
  question.ts         |       0 |        0 |       0 |       0 |                   
----------------------|---------|----------|---------|---------|-------------------

Test Suites: 15 passed, 15 total
Tests:       110 passed, 110 total
Snapshots:   0 total
Time:        12.101 s
Ran all test suites.
